2026-04-18 14:14:43 | WARNING | ERRO [dsp20163284.pdf] https://www2.aneel.gov.br/cedoc/dsp20163284.pdf | HTTPError: 403 Client Error: Forbidden for url: https://www2.aneel.gov.br/cedoc/dsp20163284.pdf
2026-04-18 14:14:43 | WARNING | ERRO [dsp20163386ti.pdf] https://www2.aneel.gov.br/cedoc/dsp20163386ti.pdf | HTTPError: 403 Client Error: Forbidden for url: https://www2.aneel.gov.br/cedoc/dsp20163386ti.pdf
2026-04-18 14:19:44 | WARNING | ERRO [dsp20163284.pdf] https://www2.aneel.gov.br/cedoc/dsp20163284.pdf | HTTPError: 403 Client Error: Forbidden for url: https://www2.aneel.gov.br/cedoc/dsp20163284.pdf
2026-04-18 14:19:44 | WARNING | ERRO [dsp20163386ti.pdf] https://www2.aneel.gov.br/cedoc/dsp20163386ti.pdf | HTTPError: 403 Client Error: Forbidden for url: https://www2.aneel.gov.br/cedoc/dsp20163386ti.pdf
2026-04-18 14:20:17 | WARNING | ERRO [ndsp20163386.pdf] https://www2.aneel.gov.br/cedoc/ndsp20163386.pdf | HTTPError: 403 Client Error: Forbidden for url: https://www2.aneel.gov.br/cedoc/ndsp20163386.pdf
2026-04-18 14:20:17 | WARNING | ERRO [dsp20163398ti.pdf] https://www2.aneel.gov.br/cedoc/dsp20163398ti.pdf | HTTPError: 403 Client Error: Forbidden for url: https://www2.aneel.gov.br/cedoc/dsp20163398ti.pdf
2026-04-18 14:38:19 | WARNING | ERRO [areh20162130_1.pdf] https://www2.aneel.gov.br/cedoc/areh20162130_1.pdf | HTTPError: HTTP Error 404: 
2026-04-18 14:38:47 | WARNING | ERRO [adsp20162229_1.pdf] https://www2.aneel.gov.br/cedoc/adsp20162229_1.pdf | HTTPError: HTTP Error 404: 
2026-04-18 14:39:39 | WARNING | ERRO [adsp20162063_1.pdf] https://www2.aneel.gov.br/cedoc/adsp20162063_1.pdf | HTTPError: HTTP Error 404: 
2026-04-18 14:41:10 | WARNING | ERRO [adsp20161895_1.pdf] https://www2.aneel.gov.br/cedoc/adsp20161895_1.pdf | HTTPError: HTTP Error 404: 
2026-04-18 14:44:32 | WARNING | ERRO [aprt20164000_1.pdf] https://www2.aneel.gov.br/cedoc/aprt20164000_1.pdf | HTTPError: HTTP Error 404: 
2026-04-18 14:45:07 | WARNING | ERRO [aprt20163999_1.pdf] https://www2.aneel.gov.br/cedoc/aprt20163999_1.pdf | HTTPError: HTTP Error 404: 
2026-04-18 14:45:33 | WARNING | ERRO [adsp20161316_1.pdf] https://www2.aneel.gov.br/cedoc/adsp20161316_1.pdf | HTTPError: HTTP Error 404: 
2026-04-18 14:46:03 | WARNING | ERRO [rea20165831_1.pdf] https://www2.aneel.gov.br/cedoc/rea20165831_1.pdf | HTTPError: HTTP Error 404: 
2026-04-18 14:47:45 | WARNING | ERRO [reh20162073_1.pdf] https://www2.aneel.gov.br/cedoc/reh20162073_1.pdf | HTTPError: HTTP Error 404: 
2026-04-18 14:48:19 | WARNING | ERRO [aprt20163960_1.pdf] https://www2.aneel.gov.br/cedoc/aprt20163960_1.pdf | HTTPError: HTTP Error 404: 
2026-04-18 14:49:58 | WARNING | ERRO [area20165736_.pdf] https://www2.aneel.gov.br/cedoc/area20165736_.pdf | HTTPError: HTTP Error 404: 
2026-04-18 14:53:47 | WARNING | ERRO [rea20165669_1.pdf] https://www2.aneel.gov.br/cedoc/rea20165669_1.pdf | HTTPError: HTTP Error 404: 
2026-04-18 14:56:38 | WARNING | ERRO [adsp2016304_1.pdf] https://www2.aneel.gov.br/cedoc/adsp2016304_1.pdf | HTTPError: HTTP Error 404: 
2026-04-18 14:58:42 | WARNING | ERRO [prt20163819.pdf] https://aneel.gov.br/cedoc/prt20163819.pdf | HTTPError: HTTP Error 404: Not Found
2026-04-18 15:00:38 | WARNING | ERRO [areh20212995_1.pdf] https://www2.aneel.gov.br/cedoc/areh20212995_1.pdf | HTTPError: HTTP Error 404: 
2026-04-18 15:13:06 | WARNING | ERRO [nreh20212957.pdf] https://www2.aneel.gov.br/cedoc/nreh20212957.pdf | HTTPError: HTTP Error 404: 
2026-04-18 15:24:51 | WARNING | ERRO [areh20212895_2.zip] https://www2.aneel.gov.br/cedoc/areh20212895_2.zip | Timeout: Failed to perform, curl: (28) Operation timed out after 30016 milliseconds with 31907893 out of 65321284 bytes received. See https://curl.se/libcurl/c/libcurl-errors.html first for more details.
2026-04-18 15:24:53 | WARNING | ERRO [areh20212896_2.zip] https://www2.aneel.gov.br/cedoc/areh20212896_2.zip | Timeout: Failed to perform, curl: (28) Operation timed out after 30002 milliseconds with 39787590 out of 75340341 bytes received. See https://curl.se/libcurl/c/libcurl-errors.html first for more details.
2026-04-18 15:24:54 | WARNING | ERRO [areh20212896_2_1.zip] https://www2.aneel.gov.br/cedoc/areh20212896_2_1.zip | Timeout: Failed to perform, curl: (28) Operation timed out after 30012 milliseconds with 55519642 out of 66087099 bytes received. See https://curl.se/libcurl/c/libcurl-errors.html first for more details.
2026-04-18 15:48:40 | WARNING | ERRO [adsp2021181.pdf] https://www2.aneel.gov.br/cedoc/adsp2021181.pdf | HTTPError: HTTP Error 404: 
2026-04-18 15:50:16 | WARNING | ERRO [adsp20223720_1.pdf] https://www2.aneel.gov.br/cedoc/adsp20223720_1.pdf | HTTPError: HTTP Error 404: 
2026-04-18 15:51:19 | WARNING | ERRO [ndsp20223576.pdf] https://www2.aneel.gov.br/cedoc/ndsp20223576.pdf | HTTPError: HTTP Error 404: 
2026-04-18 15:51:41 | WARNING | ERRO [areh20223164xlsm.pdf] https://www2.aneel.gov.br/cedoc/areh20223164xlsm.pdf | HTTPError: HTTP Error 404: 
2026-04-18 15:56:19 | WARNING | ERRO [edsp20223348.pdf] https://www2.aneel.gov.br/cedoc/edsp20223348.pdf | HTTPError: HTTP Error 404: 
2026-04-18 16:19:10 | WARNING | ERRO [areh20223067_2.zip] https://www2.aneel.gov.br/cedoc/areh20223067_2.zip | Timeout: Failed to perform, curl: (28) Operation timed out after 30009 milliseconds with 91062771 out of 181046066 bytes received. See https://curl.se/libcurl/c/libcurl-errors.html first for more details.
2026-04-18 16:23:17 | WARNING | ERRO [area2022112011_1.pdf] https://www2.aneel.gov.br/cedoc/area2022112011_1.pdf | HTTPError: HTTP Error 404: 
2026-04-18 16:23:30 | WARNING | ERRO [aarea202212035_1.pdf] https://www2.aneel.gov.br/cedoc/aarea202212035_1.pdf | HTTPError: HTTP Error 404: 
2026-04-18 16:26:51 | WARNING | ERRO [area202211917_1.pdf] https://www2.aneel.gov.br/cedoc/area202211917_1.pdf | HTTPError: HTTP Error 404: 
2026-04-18 16:31:05 | WARNING | ERRO [adsp2022960_1.pdf] https://www2.aneel.gov.br/cedoc/adsp2022960_1.pdf | HTTPError: HTTP Error 404: 
2026-04-18 16:32:19 | WARNING | ERRO [rea202211647_1.pdf] https://www2.aneel.gov.br/cedoc/rea202211647_1.pdf | HTTPError: HTTP Error 404: 
2026-04-18 16:32:45 | WARNING | ERRO [area202211728_1.pdf] https://www2.aneel.gov.br/cedoc/area202211728_1.pdf | HTTPError: HTTP Error 404: 
2026-04-18 16:32:45 | WARNING | ERRO [area202211729_1.pdf] https://www2.aneel.gov.br/cedoc/area202211729_1.pdf | HTTPError: HTTP Error 404: 
2026-04-18 16:32:47 | WARNING | ERRO [area202211730_1.pdf] https://www2.aneel.gov.br/cedoc/area202211730_1.pdf | HTTPError: HTTP Error 404: 
2026-04-18 16:32:48 | WARNING | ERRO [area202211731_1.pdf] https://www2.aneel.gov.br/cedoc/area202211731_1.pdf | HTTPError: HTTP Error 404: 
2026-04-18 16:39:54 | WARNING | ERRO [area202211297_1.pdf] https://www2.aneel.gov.br/cedoc/area202211297_1.pdf | HTTPError: HTTP Error 404: 
2026-04-18 16:40:23 | WARNING | ERRO [area202211314_1ti.pdf] https://www2.aneel.gov.br/cedoc/area202211314_1ti.pdf | HTTPError: HTTP Error 404: 
2026-04-18 16:42:25 | WARNING | ERRO [area202211225_1.pdf] https://www2.aneel.gov.br/cedoc/area202211225_1.pdf | HTTPError: HTTP Error 404: 
2026-04-18 16:44:06 | WARNING | ERRO [dsp2022366_1.pdf] https://www2.aneel.gov.br/cedoc/dsp2022366_1.pdf | HTTPError: HTTP Error 404: 
2026-04-18 16:45:56 | WARNING | ERRO [aprt2022028_1.pdf] https://www2.aneel.gov.br/cedoc/aprt2022028_1.pdf | HTTPError: HTTP Error 404: 
2026-04-18 17:41:15 | WARNING | ERRO [adsp20161895_1.pdf] https://www2.aneel.gov.br/cedoc/adsp20161895_1.pdf | HTTPError: HTTP Error 404: 
2026-04-18 17:41:15 | WARNING | ERRO [adsp20162229_1.pdf] https://www2.aneel.gov.br/cedoc/adsp20162229_1.pdf | HTTPError: HTTP Error 404: 
2026-04-18 17:41:15 | WARNING | ERRO [adsp20162063_1.pdf] https://www2.aneel.gov.br/cedoc/adsp20162063_1.pdf | HTTPError: HTTP Error 404: 
2026-04-18 17:41:15 | WARNING | ERRO [areh20162130_1.pdf] https://www2.aneel.gov.br/cedoc/areh20162130_1.pdf | HTTPError: HTTP Error 404: 
2026-04-18 17:41:40 | WARNING | ERRO [aprt20164000_1.pdf] https://www2.aneel.gov.br/cedoc/aprt20164000_1.pdf | HTTPError: HTTP Error 404: 
2026-04-18 17:41:40 | WARNING | ERRO [aprt20163999_1.pdf] https://www2.aneel.gov.br/cedoc/aprt20163999_1.pdf | HTTPError: HTTP Error 404: 
2026-04-18 17:41:40 | WARNING | ERRO [rea20165831_1.pdf] https://www2.aneel.gov.br/cedoc/rea20165831_1.pdf | HTTPError: HTTP Error 404: 
2026-04-18 17:41:40 | WARNING | ERRO [adsp20161316_1.pdf] https://www2.aneel.gov.br/cedoc/adsp20161316_1.pdf | HTTPError: HTTP Error 404: 
2026-04-18 17:42:05 | WARNING | ERRO [reh20162073_1.pdf] https://www2.aneel.gov.br/cedoc/reh20162073_1.pdf | HTTPError: HTTP Error 404: 
2026-04-18 17:42:05 | WARNING | ERRO [aprt20163960_1.pdf] https://www2.aneel.gov.br/cedoc/aprt20163960_1.pdf | HTTPError: HTTP Error 404: 
2026-04-18 17:42:05 | WARNING | ERRO [area20165736_.pdf] https://www2.aneel.gov.br/cedoc/area20165736_.pdf | HTTPError: HTTP Error 404: 
2026-04-18 17:42:06 | WARNING | ERRO [rea20165669_1.pdf] https://www2.aneel.gov.br/cedoc/rea20165669_1.pdf | HTTPError: HTTP Error 404: 
2026-04-18 17:42:31 | WARNING | ERRO [adsp2016304_1.pdf] https://www2.aneel.gov.br/cedoc/adsp2016304_1.pdf | HTTPError: HTTP Error 404: 
2026-04-18 17:42:31 | WARNING | ERRO [areh20212995_1.pdf] https://www2.aneel.gov.br/cedoc/areh20212995_1.pdf | HTTPError: HTTP Error 404: 
2026-04-18 17:42:31 | WARNING | ERRO [prt20163819.pdf] https://aneel.gov.br/cedoc/prt20163819.pdf | HTTPError: HTTP Error 404: Not Found
2026-04-18 17:42:31 | WARNING | ERRO [nreh20212957.pdf] https://www2.aneel.gov.br/cedoc/nreh20212957.pdf | HTTPError: HTTP Error 404: 
2026-04-18 17:42:57 | WARNING | ERRO [adsp2021181.pdf] https://www2.aneel.gov.br/cedoc/adsp2021181.pdf | HTTPError: HTTP Error 404: 
2026-04-18 17:43:00 | WARNING | ERRO [adsp20223720_1.pdf] https://www2.aneel.gov.br/cedoc/adsp20223720_1.pdf | HTTPError: HTTP Error 404: 
2026-04-18 17:43:00 | WARNING | ERRO [areh20223164xlsm.pdf] https://www2.aneel.gov.br/cedoc/areh20223164xlsm.pdf | HTTPError: HTTP Error 404: 
2026-04-18 17:43:00 | WARNING | ERRO [ndsp20223576.pdf] https://www2.aneel.gov.br/cedoc/ndsp20223576.pdf | HTTPError: HTTP Error 404: 
2026-04-18 17:43:23 | WARNING | ERRO [edsp20223348.pdf] https://www2.aneel.gov.br/cedoc/edsp20223348.pdf | HTTPError: HTTP Error 404: 
2026-04-18 17:43:26 | WARNING | ERRO [aarea202212035_1.pdf] https://www2.aneel.gov.br/cedoc/aarea202212035_1.pdf | HTTPError: HTTP Error 404: 
2026-04-18 17:43:26 | WARNING | ERRO [area2022112011_1.pdf] https://www2.aneel.gov.br/cedoc/area2022112011_1.pdf | HTTPError: HTTP Error 404: 
2026-04-18 17:43:30 | WARNING | ERRO [area202211917_1.pdf] https://www2.aneel.gov.br/cedoc/area202211917_1.pdf | HTTPError: HTTP Error 404: 
2026-04-18 17:43:48 | WARNING | ERRO [adsp2022960_1.pdf] https://www2.aneel.gov.br/cedoc/adsp2022960_1.pdf | HTTPError: HTTP Error 404: 
2026-04-18 17:43:51 | WARNING | ERRO [rea202211647_1.pdf] https://www2.aneel.gov.br/cedoc/rea202211647_1.pdf | HTTPError: HTTP Error 404: 
2026-04-18 17:43:51 | WARNING | ERRO [area202211728_1.pdf] https://www2.aneel.gov.br/cedoc/area202211728_1.pdf | HTTPError: HTTP Error 404: 
2026-04-18 17:43:55 | WARNING | ERRO [area202211729_1.pdf] https://www2.aneel.gov.br/cedoc/area202211729_1.pdf | HTTPError: HTTP Error 404: 
2026-04-18 17:44:14 | WARNING | ERRO [area202211730_1.pdf] https://www2.aneel.gov.br/cedoc/area202211730_1.pdf | HTTPError: HTTP Error 404: 
2026-04-18 17:44:16 | WARNING | ERRO [area202211731_1.pdf] https://www2.aneel.gov.br/cedoc/area202211731_1.pdf | HTTPError: HTTP Error 404: 
2026-04-18 17:44:17 | WARNING | ERRO [area202211297_1.pdf] https://www2.aneel.gov.br/cedoc/area202211297_1.pdf | HTTPError: HTTP Error 404: 
2026-04-18 17:44:21 | WARNING | ERRO [area202211314_1ti.pdf] https://www2.aneel.gov.br/cedoc/area202211314_1ti.pdf | HTTPError: HTTP Error 404: 
2026-04-18 17:44:39 | WARNING | ERRO [area202211225_1.pdf] https://www2.aneel.gov.br/cedoc/area202211225_1.pdf | HTTPError: HTTP Error 404: 
2026-04-18 17:44:42 | WARNING | ERRO [dsp2022366_1.pdf] https://www2.aneel.gov.br/cedoc/dsp2022366_1.pdf | HTTPError: HTTP Error 404: 
2026-04-18 17:44:42 | WARNING | ERRO [aprt2022028_1.pdf] https://www2.aneel.gov.br/cedoc/aprt2022028_1.pdf | HTTPError: HTTP Error 404: 
