2026-04-20 09:24:24 | INFO     | pdf_extractor | Processando: ANEXO IV - Previs╞o licitadas_2.pdf
2026-04-20 09:24:26 | INFO     | pdf_extractor | PyMuPDF: sem imagens embutidas em ANEXO IV - Previs╞o licitadas_2.pdf
2026-04-20 09:24:26 | WARNING  | pdf_extractor | Imagens — pdf2image falhou (Poppler instalado?): Unable to get page count. Is poppler installed and in PATH?
2026-04-20 09:24:26 | INFO     | pdf_extractor | Concluído: ANEXO IV - Previs╞o licitadas_2.pdf | 1 blocos texto | 9 tabelas | 0 imgs | 2.03s
2026-04-20 09:24:26 | INFO     | pdf_extractor | Processando: ANEXO V - Previs╞o lic e autorizadas_2.pdf
2026-04-20 09:24:55 | INFO     | pdf_extractor | PyMuPDF: sem imagens embutidas em ANEXO V - Previs╞o lic e autorizadas_2.pdf
2026-04-20 09:24:55 | WARNING  | pdf_extractor | Imagens — pdf2image falhou (Poppler instalado?): Unable to get page count. Is poppler installed and in PATH?
2026-04-20 09:24:55 | INFO     | pdf_extractor | Concluído: ANEXO V - Previs╞o lic e autorizadas_2.pdf | 1 blocos texto | 362 tabelas | 0 imgs | 29.19s
2026-04-20 09:24:55 | INFO     | pdf_extractor | Processando: Anexo I_ ciclo 2022-2023_1.pdf
2026-04-20 09:25:06 | INFO     | pdf_extractor | PyMuPDF: sem imagens embutidas em Anexo I_ ciclo 2022-2023_1.pdf
2026-04-20 09:25:06 | WARNING  | pdf_extractor | Imagens — pdf2image falhou (Poppler instalado?): Unable to get page count. Is poppler installed and in PATH?
2026-04-20 09:25:06 | INFO     | pdf_extractor | Concluído: Anexo I_ ciclo 2022-2023_1.pdf | 1 blocos texto | 207 tabelas | 0 imgs | 10.80s
2026-04-20 09:25:06 | INFO     | pdf_extractor | Processando: Anexo II_ ciclo 2022-2023_1.pdf
2026-04-20 09:25:09 | INFO     | pdf_extractor | PyMuPDF: sem imagens embutidas em Anexo II_ ciclo 2022-2023_1.pdf
2026-04-20 09:25:09 | WARNING  | pdf_extractor | Imagens — pdf2image falhou (Poppler instalado?): Unable to get page count. Is poppler installed and in PATH?
2026-04-20 09:25:09 | INFO     | pdf_extractor | Concluído: Anexo II_ ciclo 2022-2023_1.pdf | 21 blocos texto | 126 tabelas | 0 imgs | 2.59s
2026-04-20 09:25:09 | INFO     | pdf_extractor | Processando: Anexo III_ ciclo 2022-2023_1.pdf
2026-04-20 09:25:09 | INFO     | pdf_extractor | PyMuPDF: sem imagens embutidas em Anexo III_ ciclo 2022-2023_1.pdf
2026-04-20 09:25:09 | WARNING  | pdf_extractor | Imagens — pdf2image falhou (Poppler instalado?): Unable to get page count. Is poppler installed and in PATH?
2026-04-20 09:25:09 | INFO     | pdf_extractor | Concluído: Anexo III_ ciclo 2022-2023_1.pdf | 5 blocos texto | 15 tabelas | 0 imgs | 0.52s
2026-04-20 09:25:09 | INFO     | pdf_extractor | Processando: Anexo IV_ ciclo 2022-2023_1.pdf
2026-04-20 09:25:11 | INFO     | pdf_extractor | PyMuPDF: sem imagens embutidas em Anexo IV_ ciclo 2022-2023_1.pdf
2026-04-20 09:25:11 | WARNING  | pdf_extractor | Imagens — pdf2image falhou (Poppler instalado?): Unable to get page count. Is poppler installed and in PATH?
2026-04-20 09:25:11 | INFO     | pdf_extractor | Concluído: Anexo IV_ ciclo 2022-2023_1.pdf | 1 blocos texto | 7 tabelas | 0 imgs | 1.36s
2026-04-20 09:25:11 | INFO     | pdf_extractor | Processando: Anexo V_ ciclo 2022-2023_1.pdf
2026-04-20 09:25:33 | INFO     | pdf_extractor | PyMuPDF: sem imagens embutidas em Anexo V_ ciclo 2022-2023_1.pdf
2026-04-20 09:25:33 | WARNING  | pdf_extractor | Imagens — pdf2image falhou (Poppler instalado?): Unable to get page count. Is poppler installed and in PATH?
2026-04-20 09:25:33 | INFO     | pdf_extractor | Concluído: Anexo V_ ciclo 2022-2023_1.pdf | 1 blocos texto | 288 tabelas | 0 imgs | 22.68s
2026-04-20 09:25:33 | INFO     | pdf_extractor | Processando: ANEXO VII - ICG 2022-2023_1.pdf
2026-04-20 09:25:34 | INFO     | pdf_extractor | PyMuPDF: sem imagens embutidas em ANEXO VII - ICG 2022-2023_1.pdf
2026-04-20 09:25:34 | WARNING  | pdf_extractor | Imagens — pdf2image falhou (Poppler instalado?): Unable to get page count. Is poppler installed and in PATH?
2026-04-20 09:25:34 | INFO     | pdf_extractor | Concluído: ANEXO VII - ICG 2022-2023_1.pdf | 1 blocos texto | 7 tabelas | 0 imgs | 0.70s
2026-04-20 09:25:34 | INFO     | pdf_extractor | Processando: Anexo VIII_ ciclo 2022-2023_1.pdf
2026-04-20 09:25:34 | INFO     | pdf_extractor | PyMuPDF: sem imagens embutidas em Anexo VIII_ ciclo 2022-2023_1.pdf
2026-04-20 09:25:34 | WARNING  | pdf_extractor | Imagens — pdf2image falhou (Poppler instalado?): Unable to get page count. Is poppler installed and in PATH?
2026-04-20 09:25:34 | INFO     | pdf_extractor | Concluído: Anexo VIII_ ciclo 2022-2023_1.pdf | 1 blocos texto | 1 tabelas | 0 imgs | 0.06s
2026-04-20 09:25:34 | INFO     | pdf_extractor | Processando: Manual_Nodal_v54.pdf
2026-04-20 09:25:46 | INFO     | pdf_extractor | Concluído: Manual_Nodal_v54.pdf | 135 blocos texto | 75 tabelas | 94 imgs | 11.53s
2026-04-20 09:25:46 | INFO     | pdf_extractor | Todos os 10 PDFs processados.
2026-04-20 09:33:35 | INFO     | pdf_extractor | Processando: 01-ANEXO I - 1.2 - Cadastro de agentes_v9.0.pdf
2026-04-20 09:33:37 | INFO     | pdf_extractor | Concluído: 01-ANEXO I - 1.2 - Cadastro de agentes_v9.0.pdf | 28 blocos texto | 15 tabelas | 84 imgs | 2.76s
2026-04-20 09:33:37 | INFO     | pdf_extractor | Processando: 01-ANEXO I - 1.2 - Cadastro de agentes_v9.0_1.pdf
2026-04-20 09:33:40 | INFO     | pdf_extractor | Concluído: 01-ANEXO I - 1.2 - Cadastro de agentes_v9.0_1.pdf | 28 blocos texto | 15 tabelas | 84 imgs | 2.76s
2026-04-20 09:33:40 | INFO     | pdf_extractor | Processando: 02 - Mediç╞o Contábil_2017.1.0.pdf
2026-04-20 09:33:55 | INFO     | pdf_extractor | Concluído: 02 - Mediç╞o Contábil_2017.1.0.pdf | 130 blocos texto | 268 tabelas | 819 imgs | 14.46s
2026-04-20 09:33:55 | INFO     | pdf_extractor | Processando: 02 - Mediç╞o Contábil_2017.1.0_1.pdf
2026-04-20 09:34:09 | INFO     | pdf_extractor | Concluído: 02 - Mediç╞o Contábil_2017.1.0_1.pdf | 130 blocos texto | 268 tabelas | 819 imgs | 14.72s
2026-04-20 09:34:09 | INFO     | pdf_extractor | Processando: 02-ANEXO II - 1.1 - Ades╞o à CCEE_v8.0.pdf
2026-04-20 09:34:12 | INFO     | pdf_extractor | Concluído: 02-ANEXO II - 1.1 - Ades╞o à CCEE_v8.0.pdf | 19 blocos texto | 18 tabelas | 59 imgs | 2.27s
2026-04-20 09:34:12 | INFO     | pdf_extractor | Processando: 02-ANEXO II - 1.1 - Ades╞o à CCEE_v8.0_1.pdf
2026-04-20 09:34:14 | INFO     | pdf_extractor | Concluído: 02-ANEXO II - 1.1 - Ades╞o à CCEE_v8.0_1.pdf | 19 blocos texto | 18 tabelas | 59 imgs | 1.94s
2026-04-20 09:34:14 | INFO     | pdf_extractor | Processando: 02-ANEXO II - 1.3 - Votos e ContribuiçΣes_v3.0.pdf
2026-04-20 09:34:14 | INFO     | pdf_extractor | Concluído: 02-ANEXO II - 1.3 - Votos e ContribuiçΣes_v3.0.pdf | 10 blocos texto | 8 tabelas | 31 imgs | 0.69s
2026-04-20 09:34:14 | INFO     | pdf_extractor | Processando: 02-ANEXO II - 1.3 - Votos e ContribuiçΣes_v3.0_1.pdf
2026-04-20 09:34:15 | INFO     | pdf_extractor | Concluído: 02-ANEXO II - 1.3 - Votos e ContribuiçΣes_v3.0_1.pdf | 10 blocos texto | 8 tabelas | 31 imgs | 0.67s
2026-04-20 09:34:15 | INFO     | pdf_extractor | Processando: 03-ANEXO III - 1.2 - Cadastro de agentes_v10.0.pdf
2026-04-20 09:34:18 | INFO     | pdf_extractor | Concluído: 03-ANEXO III - 1.2 - Cadastro de agentes_v10.0.pdf | 27 blocos texto | 20 tabelas | 81 imgs | 2.92s
2026-04-20 09:34:18 | INFO     | pdf_extractor | Processando: 03-ANEXO III - 1.2 - Cadastro de agentes_v10.0_1.pdf
2026-04-20 09:34:21 | INFO     | pdf_extractor | Concluído: 03-ANEXO III - 1.2 - Cadastro de agentes_v10.0_1.pdf | 27 blocos texto | 20 tabelas | 81 imgs | 2.92s
2026-04-20 09:34:21 | INFO     | pdf_extractor | Todos os 10 PDFs processados.
